[ 2026-09-20 01:52:14,654 ] 97 werkzeug - INFO - [31m[1mWARNING: This is a development server. Do not use it in a production deployment. Use a production WSGI server instead.[0m
 * Running on all addresses (0.0.0.0)
 * Running on http://127.0.0.1:5000
 * Running on http://172.17.29.182:5000
[ 2026-09-20 01:52:14,654 ] 97 werkzeug - INFO - [33mPress CTRL+C to quit[0m
[ 2026-09-20 01:52:59,849 ] 97 werkzeug - INFO - 127.0.0.1 - - [20/Sep/2026 01:52:59] "GET / HTTP/1.1" 200 -
[ 2026-09-20 01:53:00,204 ] 97 werkzeug - INFO - 127.0.0.1 - - [20/Sep/2026 01:53:00] "[33mGET /favicon.ico HTTP/1.1[0m" 404 -
[ 2026-09-20 01:53:01,464 ] 97 werkzeug - INFO - 127.0.0.1 - - [20/Sep/2026 01:53:01] "GET /predictdata HTTP/1.1" 200 -
[ 2026-09-20 01:53:17,240 ] 875 app - ERROR - Exception on /predictdata [POST]
Traceback (most recent call last):
  File "C:\Users\lenovo\Desktop\New folder\Python\ML\ML Project\render\src\pipeline\predict_pipeline.py", line 18, in predict
    data_scaled=preprocessor.transform(features)
  File "C:\Users\lenovo\AppData\Roaming\Python\Python310\site-packages\sklearn\utils\_set_output.py", line 316, in wrapped
    data_to_wrap = f(self, X, *args, **kwargs)
  File "C:\Users\lenovo\AppData\Roaming\Python\Python310\site-packages\sklearn\compose\_column_transformer.py", line 1096, in transform
    Xs = self._call_func_on_transformers(
  File "C:\Users\lenovo\AppData\Roaming\Python\Python310\site-packages\sklearn\compose\_column_transformer.py", line 897, in _call_func_on_transformers
    return Parallel(n_jobs=self.n_jobs)(jobs)
  File "C:\Users\lenovo\AppData\Roaming\Python\Python310\site-packages\sklearn\utils\parallel.py", line 82, in __call__
    return super().__call__(iterable_with_config_and_warning_filters)
  File "C:\Users\lenovo\AppData\Roaming\Python\Python310\site-packages\joblib\parallel.py", line 1986, in __call__
    return output if self.return_generator else list(output)
  File "C:\Users\lenovo\AppData\Roaming\Python\Python310\site-packages\joblib\parallel.py", line 1914, in _get_sequential_output
    res = func(*args, **kwargs)
  File "C:\Users\lenovo\AppData\Roaming\Python\Python310\site-packages\sklearn\utils\parallel.py", line 147, in __call__
    return self.function(*args, **kwargs)
  File "C:\Users\lenovo\AppData\Roaming\Python\Python310\site-packages\sklearn\pipeline.py", line 1520, in _transform_one
    res = transformer.transform(X, **params.transform)
  File "C:\Users\lenovo\AppData\Roaming\Python\Python310\site-packages\sklearn\pipeline.py", line 1093, in transform
    Xt = transform.transform(Xt, **routed_params[name].transform)
  File "C:\Users\lenovo\AppData\Roaming\Python\Python310\site-packages\sklearn\utils\_set_output.py", line 316, in wrapped
    data_to_wrap = f(self, X, *args, **kwargs)
  File "C:\Users\lenovo\AppData\Roaming\Python\Python310\site-packages\sklearn\preprocessing\_encoders.py", line 1052, in transform
    if self._drop_idx_after_grouping is not None:
AttributeError: 'OneHotEncoder' object has no attribute '_drop_idx_after_grouping'

During handling of the above exception, another exception occurred:

Traceback (most recent call last):
  File "C:\Users\lenovo\AppData\Roaming\Python\Python310\site-packages\flask\app.py", line 1511, in wsgi_app
    response = self.full_dispatch_request()
  File "C:\Users\lenovo\AppData\Roaming\Python\Python310\site-packages\flask\app.py", line 919, in full_dispatch_request
    rv = self.handle_user_exception(e)
  File "C:\Users\lenovo\AppData\Roaming\Python\Python310\site-packages\flask\app.py", line 917, in full_dispatch_request
    rv = self.dispatch_request()
  File "C:\Users\lenovo\AppData\Roaming\Python\Python310\site-packages\flask\app.py", line 902, in dispatch_request
    return self.ensure_sync(self.view_functions[rule.endpoint])(**view_args)  # type: ignore[no-any-return]
  File "C:\Users\lenovo\Desktop\New folder\Python\ML\ML Project\render\app.py", line 39, in predict_datapoint
    results=predict_pipeline.predict(pred_df)
  File "C:\Users\lenovo\Desktop\New folder\Python\ML\ML Project\render\src\pipeline\predict_pipeline.py", line 23, in predict
    raise CustomException(e,sys)
src.exception.CustomException: Error occured in python script name [C:\Users\lenovo\Desktop\New folder\Python\ML\ML Project\render\src\pipeline\predict_pipeline.py] line number [18] error message['OneHotEncoder' object has no attribute '_drop_idx_after_grouping']
[ 2026-09-20 01:53:17,468 ] 97 werkzeug - INFO - 127.0.0.1 - - [20/Sep/2026 01:53:17] "[35m[1mPOST /predictdata HTTP/1.1[0m" 500 -
